// Jest Snapshot v1, https://goo.gl/fbAQLP

exports[`should render component correctly 1`] = `
<div>
  <h1>
    Login page
  </h1>
  <button>
    Login
  </button>
</div>
`;
